AR clkdivider behavioral "C:/Users/ass/Downloads/EEE 495/EEE 495/lab4/clkdivider.vhd" sub00/vhpl03 1444716699
EN clkdivider NULL "C:/Users/ass/Downloads/EEE 495/EEE 495/lab4/clkdivider.vhd" sub00/vhpl02 1444716698
AR topmodule behavioral "C:/Users/ass/Downloads/EEE 495/EEE 495/lab4/topModule.vhd" sub00/vhpl01 1444716705
AR rs232 behavioral "C:/Users/ass/Downloads/EEE 495/EEE 495/lab4/rs232.vhd" sub00/vhpl05 1444716701
EN adc NULL "C:/Users/ass/Downloads/EEE 495/EEE 495/lab4/ADC.vhd" sub00/vhpl06 1444716702
EN rs232 NULL "C:/Users/ass/Downloads/EEE 495/EEE 495/lab4/rs232.vhd" sub00/vhpl04 1444716700
AR adc behavioral "C:/Users/ass/Downloads/EEE 495/EEE 495/lab4/ADC.vhd" sub00/vhpl07 1444716703
EN topmodule NULL "C:/Users/ass/Downloads/EEE 495/EEE 495/lab4/topModule.vhd" sub00/vhpl00 1444716704
